📊 Cấu hình: SEQ_LEN = 45, Số Features = 14
----------------------------------------------------------------------------------------------------------------------------------
VÒNG   | MAPE(%)  | MSE      | R2       | RMSE     | GATING (CNN/GRU/KAN) | EPOCH
----------------------------------------------------------------------------------------------------------------------------------
01/10 | 2.62     | 10.73    | 0.542    | 3.28     | 0.34/0.48/0.18 |  6
02/10 | 3.65     | 14.44    | 0.652    | 3.80     | 0.48/0.30/0.22 | 32
03/10 | 5.03     | 35.04    | 0.389    | 5.92     | 0.50/0.37/0.12 | 29
04/10 | 1.68     | 2.77     | 0.794    | 1.66     | 0.48/0.37/0.16 | 29
05/10 | 2.54     | 5.98     | 0.481    | 2.45     | 0.45/0.39/0.16 | 37
06/10 | 1.42     | 1.72     | 0.862    | 1.31     | 0.39/0.34/0.27 | 38
07/10 | 2.56     | 5.50     | 0.711    | 2.35     | 0.42/0.30/0.27 | 41
08/10 | 4.24     | 18.16    | 0.569    | 4.26     | 0.61/0.26/0.13 | 39
09/10 | 4.65     | 17.08    | 0.639    | 4.13     | 0.24/0.50/0.26 | 15
10/10 | 3.89     | 15.43    | 0.682    | 3.93     | 0.40/0.40/0.20 | 26
----------------------------------------------------------------------------------------------------------------------------------
🏆 KẾT QUẢ TỔNG HỢP (HORIZON 10):
   - MAPE : 3.229% | R-squared (R2): 0.6320

📊 BẢNG CHI TIẾT:
 Mặt hàng MAPE (%)     R2     MSE   MAE  RMSE
     MG95    2.673 0.5245  6.7253 2.048 2.593
     MG92    2.431 0.5574  4.8907 1.825 2.211
DO 0.001%    3.781 0.3951 18.9896 3.394 4.358
 DO 0.05%    4.031 0.1903 20.1317 3.569 4.487
✅ Đã xuất 4 biểu đồ chuyên sâu vào thư mục: D:\1.Cong_Viec\NguyencuuKhoaHoc\oil_forecast_research_new\results/baseline_H10
