📄 Log đang lưu tại: D:\1.Cong_Viec\NguyencuuKhoaHoc\oil_forecast_research_new\logs\run_baseline_H5_20260413_001540.log
🚀 CHIẾN DỊCH GIAI ĐOẠN 1: HUẤN LUYỆN ĐƯỜNG CƠ SỞ (HORIZON = 5)
💻 Thiết bị tính toán: cuda
📊 Đã cấu hình xong: SEQ_LEN = 30, Số lượng Features = 13
----------------------------------------------------------------------------------------------------------------------------------
VÒNG   | MAPE(%)  | MSE      | R2       | RMSE     | GATING (CNN/GRU/KAN) | EPOCH
----------------------------------------------------------------------------------------------------------------------------------
01/20 | 1.00     | 1.31     | 0.921    | 1.14     | 0.50/0.43/0.07 | 38
02/20 | 5.42     | 31.01    | -0.075   | 5.57     | 0.61/0.27/0.12 | 37
03/20 | 2.60     | 6.01     | 0.826    | 2.45     | 0.46/0.31/0.24 | 43
04/20 | 3.75     | 14.42    | 0.702    | 3.80     | 0.32/0.46/0.22 | 25
05/20 | 2.36     | 7.51     | 0.846    | 2.74     | 0.41/0.40/0.20 | 41
06/20 | 3.75     | 15.52    | 0.762    | 3.94     | 0.48/0.37/0.15 | 66
07/20 | 3.22     | 8.57     | 0.506    | 2.93     | 0.39/0.32/0.29 | 46
08/20 | 1.47     | 2.15     | 0.773    | 1.47     | 0.25/0.45/0.30 | 37
09/20 | 1.87     | 3.95     | 0.506    | 1.99     | 0.62/0.29/0.09 | 45
10/20 | 3.16     | 7.80     | -0.020   | 2.79     | 0.52/0.32/0.16 | 43
11/20 | 1.74     | 2.47     | 0.777    | 1.57     | 0.28/0.49/0.23 | 31
12/20 | 1.36     | 1.62     | 0.879    | 1.27     | 0.45/0.39/0.17 | 18
13/20 | 1.51     | 2.03     | 0.854    | 1.43     | 0.49/0.31/0.20 | 43
14/20 | 1.77     | 2.79     | 0.873    | 1.67     | 0.44/0.41/0.14 | 46
15/20 | 1.99     | 4.41     | 0.871    | 2.10     | 0.48/0.47/0.05 | 44
16/20 | 2.44     | 7.67     | 0.839    | 2.77     | 0.38/0.40/0.23 | 45
17/20 | 2.40     | 5.37     | 0.898    | 2.32     | 0.24/0.50/0.26 | 22
18/20 | 1.50     | 2.23     | 0.945    | 1.49     | 0.44/0.31/0.24 | 61
19/20 | 3.17     | 11.52    | 0.785    | 3.39     | 0.51/0.41/0.08 | 44
20/20 | 0.95     | 0.98     | 0.974    | 0.99     | 0.48/0.35/0.17 | 46
----------------------------------------------------------------------------------------------------------------------------------
🏆 KẾT QUẢ TỔNG HỢP (TRUNG BÌNH 4 MẶT HÀNG THÀNH PHẨM - HORIZON 5):
   - MAPE : 2.371% | R-squared (R2): 0.7222
   - MSE  : 6.9671 | RMSE : 2.391 | MAE : 1.977

📊 BẢNG CHI TIẾT TỪNG MẶT HÀNG (DÙNG CHO BÀI BÁO):
 Mặt hàng MAPE (%)     R2    MSE   MAE  RMSE
     MG95    2.047 0.6786 4.5457 1.585 2.132
     MG92    1.966 0.6683 3.6651 1.493 1.914
DO 0.001%    2.685 0.6860 9.8577 2.386 3.140
 DO 0.05%    2.786 0.6059 9.7998 2.445 3.130
----------------------------------------------------------------------------------------------------------------------------------
✅ Đã lưu bảng phân tích chi tiết vào: D:\1.Cong_Viec\NguyencuuKhoaHoc\oil_forecast_research_new\results/baseline_H5\detailed_metrics_H5.csv

🎨 Đang xuất biểu đồ phân tích đa biến (Grid 4 targets) vào /results ...
✅ Đã xuất 4 biểu đồ chuyên sâu vào thư mục: D:\1.Cong_Viec\NguyencuuKhoaHoc\oil_forecast_research_new\results/baseline_H5
💾 Đã lưu trọng số mô hình tại: D:\1.Cong_Viec\NguyencuuKhoaHoc\oil_forecast_research_new\results/baseline_H5\gum_net_H5_model.pth
✅ Hoàn tất toàn bộ chiến dịch huấn luyện và đánh giá!
