📊 Cấu hình: SEQ_LEN = 15, Số Features = 13
----------------------------------------------------------------------------------------------------------------------------------
VÒNG   | MAPE(%)  | MSE      | R2       | RMSE     | GATING (CNN/GRU/KAN) | EPOCH
----------------------------------------------------------------------------------------------------------------------------------
01/100 | 0.08     | 0.01     | 1.000    | 0.09     | 0.46/0.37/0.17 | 46
02/100 | 0.67     | 0.38     | 0.979    | 0.61     | 0.69/0.24/0.06 | 45
03/100 | 1.14     | 1.07     | 0.932    | 1.03     | 0.73/0.20/0.07 | 20
04/100 | 0.57     | 0.24     | 0.980    | 0.49     | 0.63/0.17/0.20 | 91
05/100 | 0.69     | 0.45     | 0.963    | 0.67     | 0.31/0.44/0.25 | 48
06/100 | 1.12     | 0.88     | 0.936    | 0.94     | 0.57/0.30/0.13 | 63
07/100 | 1.39     | 1.47     | 0.903    | 1.21     | 0.50/0.29/0.21 | 44
08/100 | 2.63     | 4.80     | 0.747    | 2.19     | 0.40/0.25/0.35 | 58
09/100 | 4.46     | 17.97    | 0.346    | 4.24     | 0.69/0.24/0.06 | 41
10/100 | 6.66     | 35.71    | -0.168   | 5.98     | 1.00/0.00/0.00 | 43
11/100 | 2.02     | 4.72     | 0.862    | 2.17     | 0.68/0.20/0.12 | 26
12/100 | 1.93     | 3.31     | 0.913    | 1.82     | 0.32/0.45/0.23 | 48
13/100 | 1.47     | 2.53     | 0.910    | 1.59     | 0.76/0.21/0.03 | 44
14/100 | 1.05     | 1.25     | 0.958    | 1.12     | 0.63/0.24/0.12 | 48
15/100 | 3.20     | 9.22     | 0.779    | 3.04     | 0.69/0.26/0.05 | 40
16/100 | 2.22     | 6.28     | 0.830    | 2.51     | 0.80/0.18/0.02 | 41
17/100 | 1.63     | 2.21     | 0.943    | 1.49     | 0.68/0.30/0.02 | 48
18/100 | 2.28     | 6.57     | 0.869    | 2.56     | 0.33/0.41/0.25 | 40
19/100 | 2.50     | 7.88     | 0.842    | 2.81     | 0.48/0.40/0.12 | 39
20/100 | 3.64     | 21.14    | 0.662    | 4.60     | 0.51/0.25/0.24 | 16
21/100 | 2.06     | 5.82     | 0.876    | 2.41     | 0.34/0.31/0.36 | 34
22/100 | 2.15     | 7.80     | 0.844    | 2.79     | 0.51/0.31/0.17 | 19
23/100 | 3.06     | 13.58    | 0.758    | 3.68     | 0.81/0.13/0.06 | 44
24/100 | 0.80     | 0.97     | 0.979    | 0.99     | 0.53/0.39/0.08 | 64
25/100 | 2.18     | 4.79     | 0.881    | 2.19     | 0.68/0.25/0.07 | 45
26/100 | 3.28     | 11.03    | 0.733    | 3.32     | 0.99/0.00/0.01 | 19
27/100 | 1.41     | 3.11     | 0.942    | 1.76     | 0.55/0.39/0.06 | 53
28/100 | 3.71     | 13.05    | 0.853    | 3.61     | 0.78/0.19/0.03 | 45
29/100 | 4.13     | 12.94    | 0.846    | 3.60     | 0.72/0.23/0.05 | 30
30/100 | 2.85     | 5.78     | 0.859    | 2.40     | 0.74/0.23/0.04 | 43
31/100 | 1.88     | 4.09     | 0.848    | 2.02     | 0.87/0.11/0.02 | 55
32/100 | 1.32     | 1.66     | 0.932    | 1.29     | 0.65/0.29/0.06 | 44
33/100 | 3.57     | 9.09     | 0.142    | 3.02     | 0.49/0.38/0.13 | 47
34/100 | 3.22     | 7.37     | 0.272    | 2.71     | 0.36/0.23/0.41 | 41
35/100 | 1.95     | 3.52     | 0.735    | 1.88     | 0.35/0.35/0.29 | 41
36/100 | 1.79     | 2.58     | 0.760    | 1.61     | 0.41/0.39/0.20 | 47
37/100 | 3.24     | 7.87     | -0.198   | 2.80     | 0.59/0.34/0.08 | 26
38/100 | 2.95     | 7.02     | -0.020   | 2.65     | 0.80/0.17/0.04 | 34
39/100 | 1.72     | 2.23     | 0.762    | 1.49     | 0.73/0.21/0.06 | 39
40/100 | 1.19     | 1.39     | 0.866    | 1.18     | 0.80/0.10/0.10 | 27
41/100 | 1.02     | 1.55     | 0.853    | 1.25     | 0.70/0.14/0.16 | 46
42/100 | 2.09     | 4.01     | 0.546    | 2.00     | 0.55/0.35/0.09 | 46
43/100 | 1.19     | 1.18     | 0.824    | 1.08     | 0.58/0.36/0.05 | 48
44/100 | 1.79     | 2.52     | 0.398    | 1.59     | 0.65/0.31/0.04 | 47
45/100 | 1.12     | 1.15     | 0.763    | 1.07     | 0.78/0.19/0.03 | 41
46/100 | 2.37     | 4.26     | -0.327   | 2.06     | 0.66/0.20/0.14 | 41
47/100 | 2.57     | 5.16     | 0.121    | 2.27     | 0.50/0.36/0.15 | 56
48/100 | 1.23     | 1.51     | 0.744    | 1.23     | 0.54/0.29/0.16 | 55
49/100 | 1.54     | 1.80     | 0.784    | 1.34     | 0.54/0.32/0.14 | 53
50/100 | 1.13     | 1.37     | 0.819    | 1.17     | 0.40/0.40/0.20 | 32
51/100 | 0.89     | 0.67     | 0.907    | 0.82     | 0.54/0.28/0.19 | 46
52/100 | 0.90     | 1.06     | 0.882    | 1.03     | 0.66/0.30/0.04 | 44
53/100 | 1.43     | 1.43     | 0.892    | 1.20     | 0.38/0.35/0.28 | 46
54/100 | 1.06     | 0.96     | 0.926    | 0.98     | 0.38/0.26/0.36 | 70
55/100 | 0.45     | 0.28     | 0.978    | 0.53     | 0.55/0.36/0.08 | 45
56/100 | 1.36     | 1.56     | 0.870    | 1.25     | 0.54/0.38/0.07 | 45
57/100 | 0.76     | 0.35     | 0.972    | 0.59     | 0.55/0.29/0.16 | 33
58/100 | 1.15     | 1.14     | 0.922    | 1.07     | 0.57/0.29/0.15 | 45
59/100 | 0.75     | 0.47     | 0.966    | 0.69     | 0.63/0.27/0.10 | 44
60/100 | 0.60     | 0.58     | 0.957    | 0.76     | 0.63/0.29/0.08 | 46
61/100 | 1.07     | 1.42     | 0.893    | 1.19     | 0.65/0.26/0.08 | 44
62/100 | 0.96     | 0.56     | 0.962    | 0.75     | 0.81/0.16/0.03 | 46
63/100 | 2.64     | 4.58     | 0.652    | 2.14     | 0.53/0.36/0.10 | 59
64/100 | 1.22     | 1.06     | 0.902    | 1.03     | 0.37/0.40/0.23 | 64
65/100 | 2.40     | 3.64     | 0.712    | 1.91     | 0.79/0.16/0.05 | 46
66/100 | 0.74     | 0.42     | 0.971    | 0.65     | 0.58/0.32/0.10 | 45
67/100 | 1.22     | 0.89     | 0.950    | 0.94     | 0.71/0.25/0.04 | 46
68/100 | 1.76     | 2.00     | 0.918    | 1.41     | 0.75/0.23/0.02 | 42
69/100 | 1.97     | 3.07     | 0.872    | 1.75     | 0.53/0.39/0.09 | 74
70/100 | 0.60     | 0.32     | 0.988    | 0.57     | 0.51/0.45/0.04 | 74
71/100 | 1.45     | 1.81     | 0.939    | 1.34     | 0.52/0.32/0.16 | 46
72/100 | 1.19     | 1.06     | 0.964    | 1.03     | 0.64/0.27/0.09 | 45
73/100 | 2.27     | 4.22     | 0.870    | 2.06     | 0.99/0.01/0.00 | 37
74/100 | 1.90     | 3.45     | 0.911    | 1.86     | 0.76/0.19/0.05 | 82
75/100 | 1.00     | 0.67     | 0.982    | 0.82     | 0.59/0.28/0.13 | 43
76/100 | 1.35     | 2.28     | 0.947    | 1.51     | 0.70/0.21/0.09 | 55
77/100 | 2.41     | 3.87     | 0.906    | 1.97     | 0.95/0.03/0.02 | 47
78/100 | 1.78     | 4.04     | 0.908    | 2.01     | 0.60/0.29/0.12 | 45
79/100 | 1.09     | 1.16     | 0.976    | 1.07     | 0.62/0.28/0.10 | 85
80/100 | 1.77     | 2.90     | 0.944    | 1.70     | 0.66/0.26/0.08 | 67
81/100 | 4.03     | 11.12    | 0.811    | 3.34     | 0.70/0.23/0.06 | 61
82/100 | 1.66     | 2.92     | 0.943    | 1.71     | 0.77/0.15/0.08 | 45
83/100 | 2.88     | 6.18     | 0.873    | 2.49     | 0.49/0.47/0.04 | 45
84/100 | 1.47     | 1.88     | 0.961    | 1.37     | 0.83/0.15/0.02 | 24
85/100 | 1.54     | 2.41     | 0.954    | 1.55     | 0.77/0.21/0.02 | 52
86/100 | 0.92     | 0.73     | 0.979    | 0.85     | 0.73/0.24/0.03 | 47
87/100 | 1.47     | 1.91     | 0.933    | 1.38     | 0.69/0.20/0.11 | 44
88/100 | 0.50     | 0.30     | 0.992    | 0.55     | 0.61/0.35/0.04 | 46
89/100 | 1.31     | 1.39     | 0.968    | 1.18     | 0.32/0.41/0.27 | 46
90/100 | 3.60     | 9.20     | 0.818    | 3.03     | 0.42/0.35/0.23 | 46
91/100 | 0.98     | 0.65     | 0.986    | 0.81     | 0.45/0.30/0.25 | 46
92/100 | 1.54     | 1.72     | 0.964    | 1.31     | 0.54/0.26/0.20 | 44
93/100 | 2.98     | 6.16     | 0.876    | 2.48     | 0.53/0.28/0.19 | 63
94/100 | 2.25     | 4.86     | 0.905    | 2.21     | 0.53/0.34/0.12 | 43
95/100 | 1.70     | 2.24     | 0.954    | 1.50     | 0.38/0.29/0.32 | 42
96/100 | 0.36     | 0.12     | 0.997    | 0.35     | 0.76/0.21/0.03 | 66
97/100 | 0.99     | 0.92     | 0.976    | 0.96     | 0.44/0.37/0.19 | 57
98/100 | 1.06     | 0.97     | 0.973    | 0.99     | 0.37/0.42/0.22 | 47
99/100 | 1.27     | 1.27     | 0.964    | 1.12     | 0.48/0.40/0.13 | 44
100/100 | 1.14     | 1.23     | 0.965    | 1.11     | 0.51/0.25/0.24 | 17
----------------------------------------------------------------------------------------------------------------------------------
🏆 KẾT QUẢ TỔNG HỢP (HORIZON 1):
   - MAPE : 1.796% | R-squared (R2): 0.8161

📊 BẢNG CHI TIẾT:
 Mặt hàng MAPE (%)     R2    MSE   MAE  RMSE
     MG95    1.685 0.8066 2.7358 1.299 1.654
     MG92    1.546 0.7877 2.3453 1.172 1.531
DO 0.001%    2.072 0.8220 5.5868 1.846 2.364
 DO 0.05%    1.881 0.8042 4.8671 1.664 2.206
✅ Đã xuất 4 biểu đồ chuyên sâu vào thư mục: D:\1.Cong_Viec\NguyencuuKhoaHoc\oil_forecast_research_new\results/baseline_H1
