📊 Cấu hình: SEQ_LEN = 30, Số Features = 13
----------------------------------------------------------------------------------------------------------------------------------
VÒNG   | MAPE(%)  | MSE      | R2       | RMSE     | GATING (CNN/GRU/KAN) | EPOCH
----------------------------------------------------------------------------------------------------------------------------------
01/20 | 1.36     | 1.89     | 0.887    | 1.37     | 0.53/0.37/0.10 | 46
02/20 | 5.34     | 30.92    | -0.072   | 5.56     | 0.57/0.33/0.11 | 38
03/20 | 2.07     | 5.40     | 0.843    | 2.32     | 0.71/0.16/0.13 | 24
04/20 | 3.13     | 11.69    | 0.758    | 3.42     | 0.46/0.45/0.09 | 43
05/20 | 2.94     | 11.57    | 0.763    | 3.40     | 0.52/0.26/0.22 | 48
06/20 | 3.35     | 12.97    | 0.801    | 3.60     | 0.45/0.44/0.11 | 40
07/20 | 3.71     | 11.10    | 0.360    | 3.33     | 0.43/0.41/0.17 | 78
08/20 | 1.34     | 1.74     | 0.816    | 1.32     | 0.41/0.45/0.14 | 60
09/20 | 1.84     | 3.95     | 0.505    | 1.99     | 0.61/0.30/0.09 | 56
10/20 | 3.02     | 7.12     | 0.070    | 2.67     | 0.23/0.44/0.34 | 45
11/20 | 2.36     | 4.58     | 0.588    | 2.14     | 0.52/0.38/0.10 | 56
12/20 | 1.13     | 1.20     | 0.910    | 1.09     | 0.54/0.40/0.06 | 47
13/20 | 1.28     | 1.48     | 0.894    | 1.21     | 0.55/0.29/0.16 | 49
14/20 | 1.76     | 2.77     | 0.874    | 1.66     | 0.48/0.38/0.14 | 45
15/20 | 1.87     | 3.41     | 0.900    | 1.85     | 0.53/0.39/0.08 | 60
16/20 | 2.56     | 8.22     | 0.828    | 2.87     | 0.26/0.48/0.26 | 48
17/20 | 2.62     | 6.19     | 0.883    | 2.49     | 0.22/0.55/0.23 | 28
18/20 | 1.74     | 2.96     | 0.927    | 1.72     | 0.48/0.34/0.18 | 30
19/20 | 3.02     | 10.72    | 0.800    | 3.27     | 0.32/0.47/0.21 | 35
20/20 | 0.87     | 0.80     | 0.979    | 0.89     | 0.42/0.37/0.20 | 53
----------------------------------------------------------------------------------------------------------------------------------
🏆 KẾT QUẢ TỔNG HỢP (HORIZON 5):
   - MAPE : 2.366% | R-squared (R2): 0.7157

📊 BẢNG CHI TIẾT:
 Mặt hàng MAPE (%)     R2     MSE   MAE  RMSE
     MG95    2.052 0.6765  4.5756 1.582 2.139
     MG92    1.861 0.6814  3.5201 1.408 1.876
DO 0.001%    2.841 0.6800 10.0467 2.516 3.170
 DO 0.05%    2.710 0.5981  9.9934 2.386 3.161
✅ Đã xuất 4 biểu đồ chuyên sâu vào thư mục: D:\1.Cong_Viec\NguyencuuKhoaHoc\oil_forecast_research_new\results/baseline_H5
